11 guarded package.json scripts match their pins.
  = build: pnpm run typecheck && pnpm run svelte-check && pnpm run build:client && pnpm run build:server && pnpm run build:assets && pnpm run validate
  = build:assets: node scripts/copy-facetheory-manifest.mjs && node scripts/build-stylesheet.mjs && node scripts/copy-brand-assets.mjs
  = build:client: vite build
  = build:server: vite build --ssr src/facetheory/entry-server.ts
  = lint: prettier --check .
  = svelte-check: svelte-check --tsconfig tsconfig.json --threshold error
  = test: node --test --experimental-strip-types 'tests/*.test.mjs' 'scripts/*.test.mjs'
  = typecheck: tsc --noEmit
  = validate: pnpm run validate:renderer-authority && pnpm run validate:csp
  = validate:csp: node scripts/audit-csp.mjs
  = validate:renderer-authority: node scripts/audit-renderer-authority.mjs

Every `pnpm run` delegation from a pinned script resolves to another pinned script.
14 executable targets in the closure match their pinned SHA-256:
  # scripts/audit-csp.mjs: bbacba15b7191fd8…
  # scripts/audit-renderer-authority.mjs: d377c4ab7ef0b72f…
  # scripts/build-stylesheet.mjs: 8ccd7f08eef1f755…
  # scripts/copy-brand-assets.mjs: fe3ef19ba97e7ca8…
  # scripts/copy-facetheory-manifest.mjs: 129c7d31db38d008…
  # scripts/render-routes.mjs: acfc7916d409e028…
  # tests/compose.test.mjs: 3429e6d08bd04b5c…
  # tests/mobile-chrome.test.mjs: c475b449c3762d2e…
  # tests/origin.test.mjs: 8dc087d361fce1c0…
  # tests/renderer-authority.test.mjs: 034ca59fd865f2a2…
  # tests/ssr-probe.test.mjs: 266cb3a605a3a190…
  # tests/ssr-routes.test.mjs: 263031c628670252…
  # tests/stylesheet.test.mjs: a9b08c7db5c8ad6d…
  # tests/vendored-runes.test.mjs: fcdead062fa45315…

Outside the closure by declaration: src/, build/
PASS here means the rubric is invoking the commands it believes it is invoking,
and those commands are running the code this repository pinned.
