TAP version 13
# Subtest: a spoofed forwarding header never becomes the server-side fetch target
ok 1 - a spoofed forwarding header never becomes the server-side fetch target
  ---
  duration_ms: 19.207413
  type: 'test'
  ...
# Subtest: a spoofed forwarding header never reaches the advertised identity
ok 2 - a spoofed forwarding header never reaches the advertised identity
  ---
  duration_ms: 1.393495
  type: 'test'
  ...
# Subtest: with no trusted host at all, no viewer-supplied host is substituted
ok 3 - with no trusted host at all, no viewer-supplied host is substituted
  ---
  duration_ms: 1.701617
  type: 'test'
  ...
# Subtest: an ambient Host never becomes the server-side fetch target
ok 4 - an ambient Host never becomes the server-side fetch target
  ---
  duration_ms: 1.001928
  type: 'test'
  ...
# Subtest: the trusted header still wins when an ambient Host disagrees with it
ok 5 - the trusted header still wins when an ambient Host disagrees with it
  ---
  duration_ms: 0.930122
  type: 'test'
  ...
# Subtest: with no trusted host the page degrades on a real fetch, not just a stubbed one
ok 6 - with no trusted host the page degrades on a real fetch, not just a stubbed one
  ---
  duration_ms: 1.203187
  type: 'test'
  ...
# Subtest: a loaded article renders rather than 500ing on its own canonical tag
ok 7 - a loaded article renders rather than 500ing on its own canonical tag
  ---
  duration_ms: 0.812331
  type: 'test'
  ...
# Subtest: article index keeps partial data when the GraphQL error envelope contains null
ok 8 - article index keeps partial data when the GraphQL error envelope contains null
  ---
  duration_ms: 1.232392
  type: 'test'
  ...
# Subtest: category loader keeps partial data when its GraphQL error envelope contains null
ok 9 - category loader keeps partial data when its GraphQL error envelope contains null
  ---
  duration_ms: 0.771964
  type: 'test'
  ...
# Subtest: an HTML article renders its body through the vendored blog face
ok 10 - an HTML article renders its body through the vendored blog face
  ---
  duration_ms: 12.80038
  type: 'test'
  ...
# Subtest: a withheld body is absent from the public hydration payload
ok 11 - a withheld body is absent from the public hydration payload
  ---
  duration_ms: 0.732981
  type: 'test'
  ...
# Subtest: a withheld body is absent from the SSR document too
ok 12 - a withheld body is absent from the SSR document too
  ---
  duration_ms: 0.951673
  type: 'test'
  ...
# Subtest: a displayable body still reaches hydration, since the page shows it
ok 13 - a displayable body still reaches hydration, since the page shows it
  ---
  duration_ms: 0.319432
  type: 'test'
  ...
# Subtest: a missing article is a real 404, not a 200 that says "not found"
ok 14 - a missing article is a real 404, not a 200 that says "not found"
  ---
  duration_ms: 0.778186
  type: 'test'
  ...
# Subtest: a missing series or category is a real 404 too
ok 15 - a missing series or category is a real 404 too
  ---
  duration_ms: 1.907655
  type: 'test'
  ...
# Subtest: an instance with long-form off is a 200 product state, not a 404
ok 16 - an instance with long-form off is a 200 product state, not a 404
  ---
  duration_ms: 0.671425
  type: 'test'
  ...
# Subtest: canonical identity is advertised in both forms lesser expects
ok 17 - canonical identity is advertised in both forms lesser expects
  ---
  duration_ms: 0.584
  type: 'test'
  ...
# Subtest: a cross-origin canonical is left to og:url rather than mis-stated
ok 18 - a cross-origin canonical is left to og:url rather than mis-stated
  ---
  duration_ms: 0.545347
  type: 'test'
  ...
1..18
# tests 18
# suites 0
# pass 18
# fail 0
# cancelled 0
# skipped 0
# todo 0
# duration_ms 100.893827
TAP version 13
# Subtest: origin derives from the edge-injected host
ok 1 - origin derives from the edge-injected host
  ---
  duration_ms: 0.587136
  type: 'test'
  ...
# Subtest: an ambient Host header is not a trusted host
ok 2 - an ambient Host header is not a trusted host
  ---
  duration_ms: 0.082506
  type: 'test'
  ...
# Subtest: the trusted host wins over every host a caller can set
ok 3 - the trusted host wins over every host a caller can set
  ---
  duration_ms: 0.108865
  type: 'test'
  ...
# Subtest: scheme honours the edge-injected proto but defaults to https
ok 4 - scheme honours the edge-injected proto but defaults to https
  ---
  duration_ms: 0.080262
  type: 'test'
  ...
# Subtest: a malformed or injected trusted host is rejected rather than guessed
ok 5 - a malformed or injected trusted host is rejected rather than guessed
  ---
  duration_ms: 0.084149
  type: 'test'
  ...
# Subtest: a malformed trusted host fails closed rather than reaching for another
ok 6 - a malformed trusted host fails closed rather than reaching for another
  ---
  duration_ms: 0.045726
  type: 'test'
  ...
# Subtest: a forwarded host list collapses to its first entry, lower-cased
ok 7 - a forwarded host list collapses to its first entry, lower-cased
  ---
  duration_ms: 0.045575
  type: 'test'
  ...
# Subtest: a missing trusted host yields null rather than a fabricated origin
ok 8 - a missing trusted host yields null rather than a fabricated origin
  ---
  duration_ms: 0.058761
  type: 'test'
  ...
# Subtest: canonical article identity follows lesser, not the contentus route
ok 9 - canonical article identity follows lesser, not the contentus route
  ---
  duration_ms: 0.062168
  type: 'test'
  ...
# Subtest: a slug is encoded into the canonical URL
ok 10 - a slug is encoded into the canonical URL
  ---
  duration_ms: 0.092485
  type: 'test'
  ...
# Subtest: the GraphQL endpoint is derived, never hard-coded
ok 11 - the GraphQL endpoint is derived, never hard-coded
  ---
  duration_ms: 0.067016
  type: 'test'
  ...
1..11
# tests 11
# suites 0
# pass 11
# fail 0
# cancelled 0
# skipped 0
# todo 0
# duration_ms 51.688538

SEC-6 inventory complete: 2 pinned probe file(s), all passing.
  = tests/ssr-probe.test.mjs: 18 passing test points (minimum 18), content 68c2ece1c2080813…
  = tests/origin.test.mjs: 11 passing test points (minimum 11), content 8dc087d361fce1c0…
Each probe is a regular file, not a symlink, and matches its pinned content hash.
