
> @equaltoai/contentus@0.1.0 test /tmp/r7-comp-f2.NCnsQc
> node --test --experimental-strip-types 'tests/*.test.mjs' 'scripts/*.test.mjs'

✔ origin derives from the edge-injected host (0.552792ms)
✔ an ambient Host header is not a trusted host (0.07411ms)
✔ the trusted host wins over every host a caller can set (0.105198ms)
✔ scheme honours the edge-injected proto but defaults to https (0.067117ms)
✔ a malformed or injected trusted host is rejected rather than guessed (0.076224ms)
✔ a malformed trusted host fails closed rather than reaching for another (0.042871ms)
✔ a forwarded host list collapses to its first entry, lower-cased (0.041879ms)
✔ a missing trusted host yields null rather than a fabricated origin (0.055875ms)
✔ canonical article identity follows lesser, not the contentus route (0.062618ms)
✔ a slug is encoded into the canonical URL (0.092654ms)
✔ the GraphQL endpoint is derived, never hard-coded (0.050645ms)
✔ markdown source is withheld, never rendered (0.59362ms)
✔ a withheld body never reaches the face as content (0.147508ms)
✔ server-rendered HTML is passed through (0.071765ms)
✔ a withheld body is dropped from the article, not merely unrendered (0.081784ms)
✔ withholding keeps everything the reader legitimately shows (0.211709ms)
✔ a renderable body is left intact (0.070984ms)
✔ an empty body is withheld distinctly from unrendered source (0.048772ms)
✔ contentFormat reaching the face is always html (0.050976ms)
✔ an unknown contentFormat is treated as unrendered, not as HTML (0.577519ms)
✔ a spoofed forwarding header never becomes the server-side fetch target (22.232775ms)
✔ a spoofed forwarding header never reaches the advertised identity (1.424336ms)
✔ with no trusted host at all, no viewer-supplied host is substituted (0.990818ms)
✔ an ambient Host never becomes the server-side fetch target (0.77969ms)
✔ the trusted header still wins when an ambient Host disagrees with it (0.850404ms)
✔ with no trusted host the page degrades on a real fetch, not just a stubbed one (1.130392ms)
✔ a loaded article renders rather than 500ing on its own canonical tag (0.819415ms)
✔ an HTML article renders its body through the vendored blog face (12.182959ms)
✔ a withheld body is absent from the public hydration payload (1.449344ms)
✔ a withheld body is absent from the SSR document too (1.020625ms)
✔ a displayable body still reaches hydration, since the page shows it (0.466239ms)
✔ a missing article is a real 404, not a 200 that says "not found" (0.601574ms)
✔ a missing series or category is a real 404 too (1.17714ms)
✔ an instance with long-form off is a 200 product state, not a 404 (0.489793ms)
✔ canonical identity is advertised in both forms lesser expects (0.522706ms)
✔ a cross-origin canonical is left to og:url rather than mis-stated (0.556099ms)
✔ every route server-renders a complete document (30.025242ms)
✔ an unknown route renders with a real 404 status (0.600282ms)
✔ the base path is stripped, so bare and prefixed paths agree (4.057152ms)
✔ every response carries a strict CSP header (3.26047ms)
✔ hydration data travels out of band, not in an inline script (1.637799ms)
✔ the hydration endpoint returns JSON and is not cached (1.63776ms)
✔ an unreachable instance degrades to a designed state, not a 500 (2.115951ms)
✔ anonymous SSR output shows only the anonymous nav (1.297567ms)
✔ no article body is emitted when lesser returns no rendered HTML (1.051473ms)
✔ the pack webfont import is removed whole, semicolons and all (0.812652ms)
✔ an @import mentioned inside a comment is left alone (0.12742ms)
✔ an @import that is not at a statement boundary is not treated as one (0.064251ms)
✔ the assembled stylesheet passes its own integrity assertions (7.598863ms)
✔ integrity assertion fails when a required brand token is missing (0.432666ms)
✔ integrity assertion fails on a surviving third-party origin (5.685804ms)
✔ integrity assertion fails on unbalanced blocks (5.650257ms)
✔ no shipped bundle carries an uncompiled rune (4.329716ms)
✔ the vendored source this guard exists for is still unedited (0.199626ms)
ℹ tests 54
ℹ suites 0
ℹ pass 54
ℹ fail 0
ℹ cancelled 0
ℹ skipped 0
ℹ todo 0
ℹ duration_ms 111.536635
